......                                                                   [100%]
=============================== warnings summary ===============================
tests/unit/test_server_demo.py::test_demo_page_renders
  /home/ubuntu/projects/caching/app/main.py:58: DeprecationWarning: Call to deprecated close. (Use aclose() instead) -- Deprecated since version 5.0.1.
    await redis_client.close()

tests/unit/test_server_demo.py::test_demo_page_renders
  /home/ubuntu/projects/caching/.venv/lib/python3.12/site-packages/starlette/templating.py:162: DeprecationWarning: The `name` is not the first parameter anymore. The first parameter should be the `Request` instance.
  Replace `TemplateResponse(name, {"request": request})` by `TemplateResponse(request, name)`.
    warnings.warn(

-- Docs: https://docs.pytest.org/en/stable/how-to/capture-warnings.html
6 passed, 2 warnings in 0.82s
